Initializing Max-Flow Min-Cut Analysis...
Analyzing flow from wtp_pawana to esr_pimpri...

Max Flow Capacity: 640 units

Min-Cut (Bottleneck) Analysis:
Total Bottleneck Pipes: 1
Bottleneck Edges (Saturated Pipes):
 - ID: tx_06 | From: pump_chinchwad -> To: esr_pimpri | Diameter: 800mm

Interpretation:
These pipes are fully saturated at max flow. Upgrading them would increase total system capacity.
